// Jest Snapshot v1, https://goo.gl/fbAQLP

exports[`matches snapshot 1`] = `
<DocumentFragment>
  <div>
    <div
      style="margin: 10px auto; position: relative;"
    />
    <button>
      Remove
    </button>
  </div>
</DocumentFragment>
`;
